#-----------------------------------------------------------
# Vivado v2018.2 (64-bit)
# SW Build 2258646 on Thu Jun 14 20:03:12 MDT 2018
# IP Build 2256618 on Thu Jun 14 22:10:49 MDT 2018
# Start of session at: Wed Nov  9 22:42:24 2022
# Process ID: 12432
# Current directory: H:/Semester 7/CA/Lab/Lab2/uart-github/verilog-uart-working/for_fpga/vivado_project/receiving_with_fpga
# Command line: vivado.exe -gui_launcher_event rodinguilauncherevent13088 H:\Semester 7\CA\Lab\Lab2\uart-github\verilog-uart-working\for_fpga\vivado_project\receiving_with_fpga\receiving_with_fpga.xpr
# Log file: H:/Semester 7/CA/Lab/Lab2/uart-github/verilog-uart-working/for_fpga/vivado_project/receiving_with_fpga/vivado.log
# Journal file: H:/Semester 7/CA/Lab/Lab2/uart-github/verilog-uart-working/for_fpga/vivado_project/receiving_with_fpga\vivado.jou
#-----------------------------------------------------------
start_gui
open_project {H:/Semester 7/CA/Lab/Lab2/uart-github/verilog-uart-working/for_fpga/vivado_project/receiving_with_fpga/receiving_with_fpga.xpr}
update_compile_order -fileset sources_1
